probe: Arctis Nova Pro Wireless vendor interface
  1038:12e0  usagePage 0xffc0  maxInputReport 64
  passive listen only

Toggle the headset ON and OFF. Watch for bytes marked ^
Ctrl-C to stop.
----------------------------------------------------------------
[14:53:54.252] IN  id=6 len=64  *** CHANGED ***
           06 b0 00 02 04 01 00 08 0a 00 00 0a 05 00 04 01
            0  1  2  3  4  5  6  7  8  9 10 11 12 13 14 15

[14:54:08.891] ... alive, no change for 14s
[14:54:20.172] IN  id=7 len=64  *** CHANGED ***
           07 b5 04 01 08
            0  1  2  3  4

[14:54:20.252] IN  id=6 len=64  *** CHANGED ***
           06 b0 00 02 04 01 08 08 0a 00 00 0a 05 00 08 08
                              ^                       ^  ^
            0  1  2  3  4  5  6  7  8  9 10 11 12 13 14 15

[14:54:20.284] IN  id=7 len=64  *** CHANGED ***
           07 b7 08 08 08
               ^  ^  ^   
            0  1  2  3  4

[14:54:23.895] ... alive, no change for 3s
[14:54:38.893] ... alive, no change for 18s
[14:54:40.253] IN  id=6 len=64  *** CHANGED ***
           06 b0 00 02 04 01 08 08 09 00 01 0a 05 00 08 08
                                    ^     ^               
            0  1  2  3  4  5  6  7  8  9 10 11 12 13 14 15

[14:54:40.269] IN  id=7 len=64  *** CHANGED ***
           07 b9 09
               ^  ^
            0  1  2

[14:54:40.381] IN  id=7 len=64  *** CHANGED ***
           07 b9 08
                  ^
            0  1  2

[14:54:40.573] IN  id=6 len=64  *** CHANGED ***
           06 b0 00 02 04 01 08 08 08 00 01 0a 05 00 08 08
                                    ^                     
            0  1  2  3  4  5  6  7  8  9 10 11 12 13 14 15

[14:54:40.749] IN  id=6 len=64  *** CHANGED ***
           06 b0 00 02 04 01 08 08 07 00 01 0a 05 00 08 08
                                    ^                     
            0  1  2  3  4  5  6  7  8  9 10 11 12 13 14 15

[14:54:40.797] IN  id=7 len=64  *** CHANGED ***
           07 b9 07
                  ^
            0  1  2

[14:54:40.909] IN  id=7 len=64  *** CHANGED ***
           07 b9 06
                  ^
            0  1  2

[14:54:41.261] IN  id=6 len=64  *** CHANGED ***
           06 b0 00 02 04 01 08 08 06 00 01 0a 05 00 08 08
                                    ^                     
            0  1  2  3  4  5  6  7  8  9 10 11 12 13 14 15

[14:54:42.908] IN  id=7 len=64  *** CHANGED ***
           07 bd
               ^
            0  1

[14:54:43.261] IN  id=6 len=64  *** CHANGED ***
           06 b0 00 02 04 01 08 08 06 00 00 0a 05 00 08 08
                                          ^               
            0  1  2  3  4  5  6  7  8  9 10 11 12 13 14 15

[14:54:53.891] ... alive, no change for 10s
[14:55:08.891] ... alive, no change for 25s
[14:55:23.181] IN  id=7 len=64  *** CHANGED ***
           07 bd 02
                  ^
            0  1  2

[14:55:23.261] IN  id=6 len=64  *** CHANGED ***
           06 b0 00 02 04 01 08 08 06 00 02 0a 05 00 08 08
                                          ^               
            0  1  2  3  4  5  6  7  8  9 10 11 12 13 14 15

[14:55:23.892] ... alive, no change for 0s
[14:55:38.893] ... alive, no change for 15s
[14:55:53.895] ... alive, no change for 30s
[14:55:55.053] IN  id=7 len=64  *** CHANGED ***
           07 2e 05
               ^  ^
            0  1  2

[14:55:55.677] IN  id=7 len=64  *** CHANGED ***
           07 2e 06
                  ^
            0  1  2

[14:55:55.789] IN  id=7 len=64  *** CHANGED ***
           07 2e 07
                  ^
            0  1  2

[14:56:00.765] IN  id=7 len=64  *** CHANGED ***
           07 2e 06
                  ^
            0  1  2

[14:56:00.877] IN  id=7 len=64  *** CHANGED ***
           07 2e 05
                  ^
            0  1  2

[14:56:02.349] IN  id=7 len=64  *** CHANGED ***
           07 2e 06
                  ^
            0  1  2

[14:56:02.861] IN  id=7 len=64  *** CHANGED ***
           07 2e 07
                  ^
            0  1  2

[14:56:02.973] IN  id=7 len=64  *** CHANGED ***
           07 2e 08
                  ^
            0  1  2

[14:56:03.821] IN  id=7 len=64  *** CHANGED ***
           07 2e 07
                  ^
            0  1  2

[14:56:04.237] IN  id=7 len=64  *** CHANGED ***
           07 2e 08
                  ^
            0  1  2

[14:56:04.349] IN  id=7 len=64  *** CHANGED ***
           07 2e 09
                  ^
            0  1  2

[14:56:04.461] IN  id=7 len=64  *** CHANGED ***
           07 2e 0a
                  ^
            0  1  2

[14:56:04.573] IN  id=7 len=64  *** CHANGED ***
           07 2e 0b
                  ^
            0  1  2

[14:56:05.293] IN  id=7 len=64  *** CHANGED ***
           07 2e 0c
                  ^
            0  1  2

[14:56:08.894] ... alive, no change for 3s
[14:56:12.429] IN  id=7 len=64  *** CHANGED ***
           07 2e 04
                  ^
            0  1  2

[14:56:23.893] ... alive, no change for 11s
[14:56:38.896] ... alive, no change for 26s
[14:56:53.892] ... alive, no change for 41s
[14:57:08.896] ... alive, no change for 56s
[14:57:23.896] ... alive, no change for 71s
[14:57:38.894] ... alive, no change for 86s
[14:57:53.894] ... alive, no change for 101s
[14:58:08.896] ... alive, no change for 116s
[14:58:23.895] ... alive, no change for 131s
[14:58:38.893] ... alive, no change for 146s
[14:58:53.893] ... alive, no change for 161s
[14:59:08.894] ... alive, no change for 176s
[14:59:23.896] ... alive, no change for 191s
[14:59:38.892] ... alive, no change for 206s
[14:59:53.897] ... alive, no change for 221s
[15:00:08.895] ... alive, no change for 236s
[15:00:23.892] ... alive, no change for 251s
[15:00:38.892] ... alive, no change for 266s
[15:00:53.895] ... alive, no change for 281s
[15:01:08.897] ... alive, no change for 296s
[15:01:23.897] ... alive, no change for 311s
[15:01:38.895] ... alive, no change for 326s
[15:01:53.893] ... alive, no change for 341s
[15:02:08.896] ... alive, no change for 356s
[15:02:23.895] ... alive, no change for 371s
[15:02:38.893] ... alive, no change for 386s
[15:02:53.893] ... alive, no change for 401s
[15:03:08.895] ... alive, no change for 416s
[15:03:23.893] ... alive, no change for 431s
[15:03:25.697] IN  id=7 len=64  *** CHANGED ***
           07 b5 04 01 04
               ^     ^  ^
            0  1  2  3  4

[15:03:25.760] IN  id=6 len=64  *** CHANGED ***
           06 b0 00 02 04 01 00 08 06 00 02 0a 05 00 04 01
                              ^                       ^  ^
            0  1  2  3  4  5  6  7  8  9 10 11 12 13 14 15

[15:03:25.792] IN  id=7 len=64  *** CHANGED ***
           07 b7 00 08 01
               ^  ^  ^  ^
            0  1  2  3  4

[15:03:38.895] ... alive, no change for 13s
[15:03:53.896] ... alive, no change for 28s
[15:04:03.697] IN  id=7 len=64  *** CHANGED ***
           07 b5 04 01 08
               ^  ^  ^  ^
            0  1  2  3  4

[15:04:03.745] IN  id=6 len=64  *** CHANGED ***
           06 b0 00 02 04 01 08 08 06 00 02 0a 05 00 08 08
                              ^                       ^  ^
            0  1  2  3  4  5  6  7  8  9 10 11 12 13 14 15

[15:04:03.809] IN  id=7 len=64  *** CHANGED ***
           07 b7 08 08 08
               ^  ^  ^   
            0  1  2  3  4

[15:04:08.894] ... alive, no change for 5s
[15:04:23.896] ... alive, no change for 20s
[15:04:29.713] IN  id=7 len=64  *** CHANGED ***
           07 b5 04 01 04
               ^  ^  ^  ^
            0  1  2  3  4

[15:04:29.745] IN  id=6 len=64  *** CHANGED ***
           06 b0 00 02 04 01 00 08 06 00 02 0a 05 00 04 01
                              ^                       ^  ^
            0  1  2  3  4  5  6  7  8  9 10 11 12 13 14 15

[15:04:29.825] IN  id=7 len=64  *** CHANGED ***
           07 b7 00 08 01
               ^  ^  ^  ^
            0  1  2  3  4

[15:04:38.897] ... alive, no change for 9s
[15:04:53.896] ... alive, no change for 24s
[15:05:08.897] ... alive, no change for 39s
[15:05:23.895] ... alive, no change for 54s
[15:05:38.893] ... alive, no change for 69s
[15:05:53.896] ... alive, no change for 84s
[15:06:08.894] ... alive, no change for 99s
[15:06:23.895] ... alive, no change for 114s
[15:06:38.894] ... alive, no change for 129s
[15:06:53.897] ... alive, no change for 144s
[15:07:08.895] ... alive, no change for 159s
[15:07:23.895] ... alive, no change for 174s
[15:07:38.894] ... alive, no change for 189s
[15:07:53.898] ... alive, no change for 204s
[15:08:08.894] ... alive, no change for 219s
[15:08:23.898] ... alive, no change for 234s
[15:08:38.897] ... alive, no change for 249s
[15:08:53.894] ... alive, no change for 264s
[15:09:08.897] ... alive, no change for 279s
[15:09:23.899] ... alive, no change for 294s
[15:09:38.898] ... alive, no change for 309s
[15:09:53.895] ... alive, no change for 324s
[15:10:08.897] ... alive, no change for 339s
[15:10:23.894] ... alive, no change for 354s
[15:10:38.896] ... alive, no change for 369s
[15:10:53.895] ... alive, no change for 384s
[15:11:08.895] ... alive, no change for 399s
[15:11:23.895] ... alive, no change for 414s
[15:11:38.896] ... alive, no change for 429s
[15:11:53.899] ... alive, no change for 444s
[15:12:08.898] ... alive, no change for 459s
[15:12:23.897] ... alive, no change for 474s
[15:12:38.896] ... alive, no change for 489s
[15:12:53.897] ... alive, no change for 504s
[15:13:08.896] ... alive, no change for 519s
[15:13:23.895] ... alive, no change for 534s
[15:13:38.895] ... alive, no change for 549s
[15:13:53.899] ... alive, no change for 564s
